// Jest Snapshot v1, https://goo.gl/fbAQLP

exports[`Home Page Home Page has to render all the relevant elements 1`] = `
<div>
  <form>
    <div
      class="grup-input-btn"
    >
      <input
        placeholder="Add Paticipants' names"
        type="text"
        value=""
      />
      <button
        disabled=""
      >
        Add
      </button>
    </div>
  </form>
  <ul />
  <footer
    class="home-footer"
  >
    <button
      class="botao"
      disabled=""
    >
      Draw Names
    </button>
    <img
      alt="Shooping bags"
      src="/img/bags.png"
    />
  </footer>
</div>
`;
